// Jest Snapshot v1, https://goo.gl/fbAQLP

exports[`registry 1`] = `
{
  "assetLists": 376,
  "chains": 330,
  "ibcData": 711,
  "memoKeys": 1,
  "versions": 4,
}
`;
