// Jest Snapshot v1, https://goo.gl/fbAQLP

exports[`gravity 1`] = `
Object {
  "bech32Config": Object {
    "bech32PrefixAccAddr": "gravity",
    "bech32PrefixAccPub": "gravitypub",
    "bech32PrefixConsAddr": "gravityvalcons",
    "bech32PrefixConsPub": "gravityvalconspub",
    "bech32PrefixValAddr": "gravityvaloper",
    "bech32PrefixValPub": "gravityvaloperpub",
  },
  "bip44": Object {
    "coinType": 118,
  },
  "chainId": "gravity-bridge-3",
  "chainName": "Gravity Bridge",
  "currencies": Array [
    Object {
      "coinDecimals": 6,
      "coinDenom": "GRAV",
      "coinGeckoId": "pool:ugraviton",
      "coinImageUrl": "https://app.osmosis.zone/tokens/grav.svg",
      "coinMinimalDenom": "ugraviton",
    },
    Object {
      "coinDecimals": 18,
      "coinDenom": "PSTAKE",
      "coinGeckoId": "pstake-finance",
      "coinImageUrl": "https://app.osmosis.zone/tokens/pstake.png",
      "coinMinimalDenom": "gravity0xfB5c6815cA3AC72Ce9F5006869AE67f18bF77006",
    },
    Object {
      "coinDecimals": 8,
      "coinDenom": "WBTC.grv",
      "coinGeckoId": "wrapped-bitcoin",
      "coinImageUrl": "https://app.osmosis.zone/tokens/gwbtc.png",
      "coinMinimalDenom": "gravity0x2260FAC5E5542a773Aa44fBCfeDf7C193bc2C599",
    },
    Object {
      "coinDecimals": 18,
      "coinDenom": "WETH.grv",
      "coinGeckoId": "ethereum",
      "coinImageUrl": "https://app.osmosis.zone/tokens/gweth.png",
      "coinMinimalDenom": "gravity0xC02aaA39b223FE8D0A0e5C4F27eAD9083C756Cc2",
    },
    Object {
      "coinDecimals": 6,
      "coinDenom": "USDC.grv",
      "coinGeckoId": "usd-coin",
      "coinImageUrl": "https://app.osmosis.zone/tokens/gusdc.png",
      "coinMinimalDenom": "gravity0xA0b86991c6218b36c1d19D4a2e9Eb0cE3606eB48",
      "pegMechanism": "collateralized",
    },
    Object {
      "coinDecimals": 18,
      "coinDenom": "DAI.grv",
      "coinGeckoId": "dai",
      "coinImageUrl": "https://app.osmosis.zone/tokens/gdai.png",
      "coinMinimalDenom": "gravity0x6B175474E89094C44Da98b954EedeAC495271d0F",
      "pegMechanism": "collateralized",
    },
    Object {
      "coinDecimals": 6,
      "coinDenom": "USDT.grv",
      "coinGeckoId": "tether",
      "coinImageUrl": "https://app.osmosis.zone/tokens/gusdt.png",
      "coinMinimalDenom": "gravity0xdAC17F958D2ee523a2206206994597C13D831ec7",
      "pegMechanism": "collateralized",
    },
  ],
  "features": Array [
    "stargate",
    "ibc-transfer",
    "no-legacy-stdTx",
    "ibc-go",
  ],
  "feeCurrencies": Array [
    Object {
      "coinDecimals": 6,
      "coinDenom": "GRAV",
      "coinGeckoId": "pool:ugraviton",
      "coinImageUrl": "https://app.osmosis.zone/tokens/grav.svg",
      "coinMinimalDenom": "ugraviton",
    },
  ],
  "gasPriceStep": Object {
    "average": 0,
    "high": 0.035,
    "low": 0,
  },
  "rest": "https://gravitychain.io:1317",
  "rpc": "https://gravitychain.io:26657",
  "stakeCurrency": Object {
    "coinDecimals": 6,
    "coinDenom": "GRAV",
    "coinGeckoId": "pool:ugraviton",
    "coinImageUrl": "https://app.osmosis.zone/tokens/grav.svg",
    "coinMinimalDenom": "ugraviton",
  },
}
`;

exports[`kava 1`] = `
Object {
  "bech32Config": Object {
    "bech32PrefixAccAddr": "kava",
    "bech32PrefixAccPub": "kavapub",
    "bech32PrefixConsAddr": "kavavalcons",
    "bech32PrefixConsPub": "kavavalconspub",
    "bech32PrefixValAddr": "kavavaloper",
    "bech32PrefixValPub": "kavavaloperpub",
  },
  "bip44": Object {
    "coinType": 459,
  },
  "chainId": "kava_2222-10",
  "chainName": "Kava",
  "currencies": Array [
    Object {
      "coinDecimals": 6,
      "coinDenom": "KAVA",
      "coinGeckoId": "kava",
      "coinImageUrl": "https://app.osmosis.zone/tokens/kava.png",
      "coinMinimalDenom": "ukava",
    },
    Object {
      "coinDecimals": 6,
      "coinDenom": "HARD",
      "coinGeckoId": "kava-lend",
      "coinImageUrl": "https://app.osmosis.zone/tokens/hard.svg",
      "coinMinimalDenom": "hard",
    },
    Object {
      "coinDecimals": 6,
      "coinDenom": "SWP",
      "coinGeckoId": "kava-swap",
      "coinImageUrl": "https://app.osmosis.zone/tokens/swp.svg",
      "coinMinimalDenom": "swp",
    },
  ],
  "features": Array [
    "stargate",
    "ibc-transfer",
    "no-legacy-stdTx",
    "ibc-go",
  ],
  "feeCurrencies": Array [
    Object {
      "coinDecimals": 6,
      "coinDenom": "KAVA",
      "coinGeckoId": "kava",
      "coinImageUrl": "https://app.osmosis.zone/tokens/kava.png",
      "coinMinimalDenom": "ukava",
    },
  ],
  "rest": "https://lcd-kava.keplr.app",
  "rpc": "https://rpc-kava.keplr.app",
  "stakeCurrency": Object {
    "coinDecimals": 6,
    "coinDenom": "KAVA",
    "coinGeckoId": "kava",
    "coinImageUrl": "https://app.osmosis.zone/tokens/kava.png",
    "coinMinimalDenom": "ukava",
  },
}
`;

exports[`osmosis 1`] = `
Object {
  "bech32Config": Object {
    "bech32PrefixAccAddr": "osmo",
    "bech32PrefixAccPub": "osmopub",
    "bech32PrefixConsAddr": "osmovalcons",
    "bech32PrefixConsPub": "osmovalconspub",
    "bech32PrefixValAddr": "osmovaloper",
    "bech32PrefixValPub": "osmovaloperpub",
  },
  "bip44": Object {
    "coinType": 118,
  },
  "chainId": "osmosis-1",
  "chainName": "Osmosis",
  "currencies": Array [
    Object {
      "coinDecimals": 6,
      "coinDenom": "OSMO",
      "coinGeckoId": "osmosis",
      "coinImageUrl": "https://app.osmosis.zone/tokens/osmo.svg",
      "coinMinimalDenom": "uosmo",
    },
    Object {
      "coinDecimals": 6,
      "coinDenom": "ION",
      "coinGeckoId": "ion",
      "coinImageUrl": "https://app.osmosis.zone/tokens/ion.png",
      "coinMinimalDenom": "uion",
    },
  ],
  "features": Array [
    "stargate",
    "ibc-transfer",
    "no-legacy-stdTx",
    "ibc-go",
  ],
  "feeCurrencies": Array [
    Object {
      "coinDecimals": 6,
      "coinDenom": "OSMO",
      "coinGeckoId": "osmosis",
      "coinImageUrl": "https://app.osmosis.zone/tokens/osmo.svg",
      "coinMinimalDenom": "uosmo",
    },
  ],
  "gasPriceStep": Object {
    "average": 0,
    "high": 0.025,
    "low": 0,
  },
  "rest": "https://lcd-osmosis.keplr.app/",
  "rpc": "https://rpc-osmosis.keplr.app/",
  "stakeCurrency": Object {
    "coinDecimals": 6,
    "coinDenom": "OSMO",
    "coinGeckoId": "osmosis",
    "coinImageUrl": "https://app.osmosis.zone/tokens/osmo.svg",
    "coinMinimalDenom": "uosmo",
  },
}
`;

exports[`persistence 1`] = `
Object {
  "bech32Config": Object {
    "bech32PrefixAccAddr": "persistence",
    "bech32PrefixAccPub": "persistencepub",
    "bech32PrefixConsAddr": "persistencevalcons",
    "bech32PrefixConsPub": "persistencevalconspub",
    "bech32PrefixValAddr": "persistencevaloper",
    "bech32PrefixValPub": "persistencevaloperpub",
  },
  "bip44": Object {
    "coinType": 750,
  },
  "chainId": "core-1",
  "chainName": "Persistence",
  "currencies": Array [
    Object {
      "coinDecimals": 6,
      "coinDenom": "XPRT",
      "coinGeckoId": "persistence",
      "coinImageUrl": "https://app.osmosis.zone/tokens/xprt.png",
      "coinMinimalDenom": "uxprt",
    },
    Object {
      "coinDecimals": 18,
      "coinDenom": "PSTAKE",
      "coinGeckoId": "pstake-finance",
      "coinImageUrl": "https://app.osmosis.zone/tokens/pstake.png",
      "coinMinimalDenom": "ibc/A6E3AF63B3C906416A9AF7A556C59EA4BD50E617EFFE6299B99700CCB780E444",
    },
  ],
  "features": Array [
    "stargate",
    "ibc-transfer",
    "no-legacy-stdTx",
    "ibc-go",
  ],
  "feeCurrencies": Array [
    Object {
      "coinDecimals": 6,
      "coinDenom": "XPRT",
      "coinGeckoId": "persistence",
      "coinImageUrl": "https://app.osmosis.zone/tokens/xprt.png",
      "coinMinimalDenom": "uxprt",
    },
  ],
  "rest": "https://lcd-persistence.keplr.app",
  "rpc": "https://rpc-persistence.keplr.app",
  "stakeCurrency": Object {
    "coinDecimals": 6,
    "coinDenom": "XPRT",
    "coinGeckoId": "persistence",
    "coinImageUrl": "https://app.osmosis.zone/tokens/xprt.png",
    "coinMinimalDenom": "uxprt",
  },
}
`;

exports[`works 1`] = `
{
  "bech32Config": {
    "bech32PrefixAccAddr": "osmo",
    "bech32PrefixAccPub": "osmopub",
    "bech32PrefixConsAddr": "osmovalcons",
    "bech32PrefixConsPub": "osmovalconspub",
    "bech32PrefixValAddr": "osmovaloper",
    "bech32PrefixValPub": "osmovaloperpub",
  },
  "bip44": {
    "coinType": 118,
  },
  "chainId": "osmosis-1",
  "chainName": "Osmosis",
  "currencies": [
    {
      "coinDecimals": 6,
      "coinDenom": "OSMO",
      "coinGeckoId": "osmosis",
      "coinImageUrl": "https://app.osmosis.zone/tokens/osmo.svg",
      "coinMinimalDenom": "uosmo",
    },
    {
      "coinDecimals": 6,
      "coinDenom": "ION",
      "coinGeckoId": "ion",
      "coinImageUrl": "https://app.osmosis.zone/tokens/ion.png",
      "coinMinimalDenom": "uion",
    },
  ],
  "features": [
    "stargate",
    "ibc-transfer",
    "no-legacy-stdTx",
    "ibc-go",
  ],
  "feeCurrencies": [
    {
      "coinDecimals": 6,
      "coinDenom": "OSMO",
      "coinGeckoId": "osmosis",
      "coinImageUrl": "https://app.osmosis.zone/tokens/osmo.svg",
      "coinMinimalDenom": "uosmo",
    },
  ],
  "gasPriceStep": {
    "average": 0,
    "high": 0.025,
    "low": 0,
  },
  "rest": "https://lcd-osmosis.keplr.app/",
  "rpc": "https://rpc-osmosis.keplr.app/",
  "stakeCurrency": {
    "coinDecimals": 6,
    "coinDenom": "OSMO",
    "coinGeckoId": "osmosis",
    "coinImageUrl": "https://app.osmosis.zone/tokens/osmo.svg",
    "coinMinimalDenom": "uosmo",
  },
}
`;
