// Jest Snapshot v1, https://goo.gl/fbAQLP

exports[`getExplorer 1`] = `
{
  "bech32Config": {
    "bech32PrefixAccAddr": "osmo",
    "bech32PrefixAccPub": "osmopub",
    "bech32PrefixConsAddr": "osmovalcons",
    "bech32PrefixConsPub": "osmovalconspub",
    "bech32PrefixValAddr": "osmovaloper",
    "bech32PrefixValPub": "osmovaloperpub",
  },
  "bip44": {
    "coinType": 118,
  },
  "chainId": "osmosis-1",
  "chainName": "Osmosis",
  "currencies": [
    {
      "coinDecimals": 6,
      "coinDenom": "OSMO",
      "coinGeckoId": "osmosis",
      "coinImageUrl": "https://raw.githubusercontent.com/cosmos/chain-registry/master/osmosis/images/osmo.svg",
      "coinMinimalDenom": "uosmo",
    },
    {
      "coinDecimals": 6,
      "coinDenom": "ION",
      "coinGeckoId": "ion",
      "coinImageUrl": "https://raw.githubusercontent.com/cosmos/chain-registry/master/osmosis/images/ion.svg",
      "coinMinimalDenom": "uion",
    },
    {
      "coinDecimals": 6,
      "coinDenom": "JKL",
      "coinGeckoId": "jackal-protocol",
      "coinImageUrl": "https://raw.githubusercontent.com/cosmos/chain-registry/master/jackal/images/jkl.svg",
      "coinMinimalDenom": "ibc/8E697BDABE97ACE8773C6DF7402B2D1D5104DD1EEABE12608E3469B7F64C15BA",
    },
  ],
  "features": [
    "stargate",
    "no-legacy-stdTx",
    "ibc-transfer",
    "ibc-go",
    "cosmwasm",
    "wasmd_0.24+",
  ],
  "feeCurrencies": [
    {
      "coinDecimals": 6,
      "coinDenom": "OSMO",
      "coinGeckoId": "osmosis",
      "coinImageUrl": "https://raw.githubusercontent.com/cosmos/chain-registry/master/osmosis/images/osmo.svg",
      "coinMinimalDenom": "uosmo",
      "gasPriceStep": {
        "average": 0.025,
        "high": 0.04,
        "low": 0,
      },
    },
  ],
  "rest": "https://lcd-osmosis.whispernode.com",
  "rpc": "https://osmosis-rpc.quickapi.com:443",
  "stakeCurrency": {
    "coinDecimals": 6,
    "coinDenom": "OSMO",
    "coinGeckoId": "osmosis",
    "coinImageUrl": "https://raw.githubusercontent.com/cosmos/chain-registry/master/osmosis/images/osmo.svg",
    "coinMinimalDenom": "uosmo",
  },
}
`;

exports[`keplr 1`] = `
{
  "bech32Config": {
    "bech32PrefixAccAddr": "osmo",
    "bech32PrefixAccPub": "osmopub",
    "bech32PrefixConsAddr": "osmovalcons",
    "bech32PrefixConsPub": "osmovalconspub",
    "bech32PrefixValAddr": "osmovaloper",
    "bech32PrefixValPub": "osmovaloperpub",
  },
  "bip44": {
    "coinType": 118,
  },
  "chainId": "osmosis-1",
  "chainName": "Osmosis",
  "currencies": [
    {
      "coinDecimals": 6,
      "coinDenom": "OSMO",
      "coinGeckoId": "osmosis",
      "coinImageUrl": "https://raw.githubusercontent.com/cosmos/chain-registry/master/osmosis/images/osmo.svg",
      "coinMinimalDenom": "uosmo",
    },
    {
      "coinDecimals": 6,
      "coinDenom": "ION",
      "coinGeckoId": "ion",
      "coinImageUrl": "https://raw.githubusercontent.com/cosmos/chain-registry/master/osmosis/images/ion.svg",
      "coinMinimalDenom": "uion",
    },
    {
      "coinDecimals": 6,
      "coinDenom": "JKL",
      "coinGeckoId": "jackal-protocol",
      "coinImageUrl": "https://raw.githubusercontent.com/cosmos/chain-registry/master/jackal/images/jkl.svg",
      "coinMinimalDenom": "ibc/8E697BDABE97ACE8773C6DF7402B2D1D5104DD1EEABE12608E3469B7F64C15BA",
    },
  ],
  "features": [
    "stargate",
    "no-legacy-stdTx",
    "ibc-transfer",
    "ibc-go",
    "cosmwasm",
    "wasmd_0.24+",
  ],
  "feeCurrencies": [
    {
      "coinDecimals": 6,
      "coinDenom": "OSMO",
      "coinGeckoId": "osmosis",
      "coinImageUrl": "https://raw.githubusercontent.com/cosmos/chain-registry/master/osmosis/images/osmo.svg",
      "coinMinimalDenom": "uosmo",
      "gasPriceStep": {
        "average": 0.025,
        "high": 0.04,
        "low": 0,
      },
    },
  ],
  "rest": "https://osmosis-lcd.quickapi.com:443",
  "rpc": "https://osmosis-rpc.quickapi.com:443",
  "stakeCurrency": {
    "coinDecimals": 6,
    "coinDenom": "OSMO",
    "coinGeckoId": "osmosis",
    "coinImageUrl": "https://raw.githubusercontent.com/cosmos/chain-registry/master/osmosis/images/osmo.svg",
    "coinMinimalDenom": "uosmo",
  },
}
`;
