// Jest Snapshot v1, https://goo.gl/fbAQLP

exports[`Inquirerer prompts user and correctly processes delayed input 1`] = `
{
  "_": [],
  "command": "validate",
  "registryDir": "../../repos/fixtures/registries/original",
  "tty": true,
}
`;
