// Jest Snapshot v1, https://goo.gl/fbAQLP

exports[`registry 1`] = `
{
  "assetLists": 307,
  "chains": 274,
  "ibcData": 638,
  "memoKeys": 0,
  "versions": 0,
}
`;
